p025: 15 blocks  body=6  footer=1  header=2  heading=3  noise=3
p041: 23 blocks  body=9  caption=1  footer=1  header=1  heading=7  noise=4
p001: 4 blocks  heading=1  noise=3
p017: 17 blocks  body=3  header=9  noise=5
p033: 33 blocks  body=21  caption=2  footer=2  header=4  heading=1  noise=3
p009: 18 blocks  body=13  footer=1  header=1  kleinanzeige=1  noise=2
p026: 15 blocks  body=2  heading=4  kleinanzeige=3  noise=6
p034: 12 blocks  body=7  footer=1  header=3  heading=1
p042: 27 blocks  body=15  footer=1  header=4  heading=1  noise=6
p018: 15 blocks  body=8  footer=1  header=2  heading=1  noise=3
p002: 21 blocks  body=6  header=5  heading=6  noise=4
p010: 38 blocks  body=25  footer=1  header=2  heading=2  kleinanzeige=3  listing-inline=1  noise=4
p027: 21 blocks  body=6  caption=1  footer=1  header=2  heading=2  noise=9
p003: 14 blocks  body=1  heading=7  listing-standalone=1  noise=5
p019: 22 blocks  body=14  footer=2  header=2  heading=2  noise=2
p043: 26 blocks  body=15  footer=1  header=3  heading=1  noise=6
p035: 76 blocks  body=53  footer=2  header=3  heading=3  listing-inline=5  listing-standalone=3  noise=7
p004: 27 blocks  body=2  header=3  heading=15  listing-inline=1  noise=6
p028: 38 blocks  body=11  caption=4  footer=1  header=3  heading=3  noise=16
p011: 22 blocks  body=15  footer=1  header=1  kleinanzeige=3  noise=2
p020: 40 blocks  body=28  heading=2  kleinanzeige=7  listing-inline=1  noise=2
p044: 15 blocks  body=1  header=1  heading=3  noise=10
p036: 64 blocks  body=43  footer=1  header=2  heading=2  listing-inline=3  noise=13
p021: 26 blocks  body=14  footer=2  header=4  heading=5  noise=1
p012: 26 blocks  body=15  footer=1  header=1  heading=2  kleinanzeige=3  noise=4
p029: 60 blocks  body=44  caption=2  footer=1  header=2  heading=2  kleinanzeige=3  noise=6
p045: 11 blocks  body=7  heading=3  listing-inline=1
p022: 41 blocks  body=31  footer=2  header=4  heading=2  noise=2
p030: 12 blocks  body=3  footer=2  header=5  heading=1  noise=1
p037: 106 blocks  body=82  footer=2  header=3  heading=2  kleinanzeige=4  listing-inline=1  noise=12
p046: 19 blocks  body=6  caption=1  footer=3  header=4  heading=1  noise=4
p013: 12 blocks  body=9  footer=1  header=1  noise=1
p005: 19 blocks  body=13  footer=1  header=1  heading=1  kleinanzeige=1  noise=2
p014: 10 blocks  body=5  heading=4  noise=1
p047: 1 blocks  noise=1
p031: 26 blocks  body=20  footer=1  header=4  noise=1
p023: 30 blocks  body=13  caption=2  footer=3  header=2  heading=3  kleinanzeige=1  noise=6
p006: 63 blocks  body=38  caption=1  footer=1  header=1  heading=12  listing-inline=2  noise=8
p038: 65 blocks  body=34  footer=3  header=6  heading=3  listing-standalone=4  noise=15
p024: 22 blocks  body=9  caption=2  footer=1  header=4  heading=1  noise=5
p048: 20 blocks  body=6  footer=2  header=5  heading=3  noise=4
p015: 38 blocks  body=32  footer=1  header=2  noise=3
p032: 25 blocks  body=18  caption=1  footer=1  header=2  heading=3
p007: 16 blocks  body=10  footer=1  heading=2  noise=3
p049: 11 blocks  body=4  heading=4  noise=3
p039: 30 blocks  body=20  footer=2  header=3  heading=4  noise=1
p008: 15 blocks  body=8  footer=1  header=2  heading=3  noise=1
p065: 39 blocks  body=16  caption=2  footer=2  header=4  heading=3  listing-inline=1  listing-standalone=6  noise=5
p016: 32 blocks  body=27  footer=1  header=1  heading=1  noise=2
p073: 19 blocks  body=10  heading=4  listing-inline=1  noise=4
p057: 30 blocks  body=22  heading=4  kleinanzeige=2  noise=2
p050: 14 blocks  body=6  footer=1  header=5  heading=2
p081: 26 blocks  body=13  footer=2  header=1  heading=4  listing-inline=2  noise=4
p066: 27 blocks  body=11  caption=2  footer=4  header=4  heading=4  listing-inline=2
p040: 27 blocks  body=8  caption=4  footer=1  header=4  heading=1  listing-inline=1  noise=8
p074: 54 blocks  body=30  caption=2  footer=2  header=3  listing-inline=3  listing-standalone=12  noise=2
p051: 24 blocks  body=18  footer=1  header=1  heading=1  noise=3
p067: 31 blocks  body=13  caption=1  footer=2  header=4  heading=2  listing-inline=7  listing-standalone=1  noise=1
p082: 33 blocks  body=13  caption=2  footer=2  header=7  heading=1  listing-inline=1  listing-standalone=3  noise=4
p089: 44 blocks  body=8  footer=3  header=5  heading=4  listing-inline=3  noise=21
p058: 27 blocks  body=7  footer=3  header=5  heading=2  listing-standalone=10
p052: 38 blocks  body=22  caption=4  footer=2  header=4  heading=1  listing-inline=1  noise=4
p083: 60 blocks  body=38  caption=2  footer=2  header=4  listing-standalone=5  noise=9
p068: 15 blocks  body=8  footer=3  header=3  heading=1
p090: 61 blocks  body=50  header=1  heading=8  listing-inline=2
p075: 26 blocks  body=11  caption=1  footer=1  header=4  heading=1  listing-standalone=8
p091: 24 blocks  body=11  footer=2  header=4  heading=3  noise=4
p069: 24 blocks  body=13  heading=6  kleinanzeige=1  listing-inline=1  listing-standalone=1  noise=2
p076: 29 blocks  body=17  caption=4  footer=2  header=5  heading=1
p084: 60 blocks  body=37  caption=1  footer=2  header=3  kleinanzeige=3  listing-standalone=3  noise=11
p092: 17 blocks  body=9  heading=6  noise=2
p059: 51 blocks  body=23  caption=1  footer=2  header=5  listing-standalone=11  noise=9
p085: 18 blocks  body=8  footer=1  heading=5  listing-inline=1  noise=3
p070: 29 blocks  body=18  footer=3  header=6  heading=1  noise=1
p060: 36 blocks  body=10  caption=4  footer=1  header=2  listing-standalone=7  noise=12
p093: 27 blocks  body=7  caption=1  footer=2  header=3  heading=1  listing-standalone=12  noise=1
p071: 55 blocks  body=21  caption=1  footer=2  header=5  heading=1  listing-standalone=20  noise=5
p077: 33 blocks  body=16  caption=1  footer=2  header=3  listing-standalone=9  noise=2
p086: 30 blocks  body=4  footer=3  header=5  listing-inline=1  noise=17
p061: 38 blocks  body=20  footer=3  header=2  heading=7  kleinanzeige=1  noise=5
p072: 46 blocks  body=30  footer=2  header=2  listing-inline=4  listing-standalone=5  noise=3
p087: 24 blocks  body=14  footer=1  heading=4  kleinanzeige=1  listing-inline=2  noise=2
p062: 24 blocks  body=13  caption=1  footer=2  header=2  heading=2  listing-inline=2  listing-standalone=1  noise=1
p094: 27 blocks  body=4  caption=1  footer=2  header=6  heading=1  listing-standalone=12  noise=1
p097: 9 blocks  body=2  heading=2  kleinanzeige=1  listing-standalone=1  noise=3
p053: 30 blocks  body=5  footer=1  header=5  listing-standalone=18  noise=1
p063: 31 blocks  body=17  caption=1  footer=3  header=4  heading=1  listing-inline=5
p088: 43 blocks  body=9  footer=3  header=3  heading=4  listing-inline=4  noise=20
p078: 20 blocks  body=2  caption=1  footer=1  header=4  listing-standalone=12
p054: 27 blocks  body=9  caption=2  footer=2  header=5  heading=3  listing-standalone=3  noise=3
p098: 53 blocks  body=24  footer=2  heading=11  kleinanzeige=14  listing-inline=1  noise=1
p064: 41 blocks  body=22  caption=2  footer=1  header=3  heading=1  kleinanzeige=1  listing-inline=2  listing-standalone=7  noise=2
p095: 24 blocks  body=4  caption=2  footer=2  header=3  heading=1  listing-standalone=12
p105: 96 blocks  body=49  header=3  kleinanzeige=7  listing-inline=16  listing-standalone=20  noise=1
p099: 24 blocks  body=14  heading=4  kleinanzeige=3  listing-inline=3
p079: 29 blocks  body=7  caption=4  footer=1  header=6  heading=3  listing-standalone=7  noise=1
p055: 29 blocks  body=14  caption=4  footer=1  header=5  listing-standalone=1  noise=4
p080: 51 blocks  body=17  footer=3  header=1  heading=2  kleinanzeige=4  listing-inline=18  noise=6
p113: 87 blocks  body=54  footer=2  header=1  heading=8  kleinanzeige=17  listing-inline=1  noise=4
p096: 20 blocks  body=6  caption=1  footer=2  header=3  heading=1  listing-standalone=7
p106: 68 blocks  body=38  footer=2  header=2  heading=2  kleinanzeige=19  listing-inline=1  noise=4
p100: 68 blocks  body=38  footer=4  header=3  heading=1  kleinanzeige=16  listing-inline=3  noise=3
p129: 64 blocks  body=46  header=2  heading=7  kleinanzeige=2  listing-inline=3  noise=4
p056: 63 blocks  body=24  footer=2  header=4  listing-inline=10  listing-standalone=2  noise=21
p121: 54 blocks  body=34  footer=2  header=1  heading=4  kleinanzeige=10  listing-inline=3
p114: 87 blocks  body=57  footer=3  header=1  heading=6  kleinanzeige=17  listing-inline=2  noise=1
p101: 38 blocks  body=36  heading=2
p107: 86 blocks  body=47  footer=4  header=2  heading=4  kleinanzeige=28  noise=1
p130: 9 blocks  body=1  caption=1  footer=1  header=4  noise=2
p122: 47 blocks  body=29  header=1  heading=3  kleinanzeige=9  listing-inline=1  noise=4
p137: 37 blocks  body=18  caption=1  footer=1  header=9  heading=1  listing-inline=1  listing-standalone=4  noise=2
p102: 57 blocks  body=40  heading=4  kleinanzeige=6  noise=7
p108: 3 blocks  noise=3
p115: 76 blocks  body=43  footer=1  header=1  heading=8  kleinanzeige=17  listing-inline=4  noise=2
p131: 21 blocks  body=11  footer=1  header=4  heading=4  noise=1
p123: 48 blocks  body=27  footer=2  header=1  kleinanzeige=12  listing-inline=2  noise=4
p138: 41 blocks  body=20  caption=4  footer=3  header=3  heading=1  listing-inline=5  noise=5
p109: 46 blocks  body=26  footer=3  header=1  kleinanzeige=16
p103: 84 blocks  body=48  footer=2  header=2  heading=6  kleinanzeige=23  listing-inline=1  noise=2
p132: 53 blocks  body=36  footer=1  heading=4  kleinanzeige=7  listing-inline=2  noise=3
p116: 59 blocks  body=21  footer=2  header=1  heading=16  kleinanzeige=16  listing-inline=2  noise=1
p110: 41 blocks  body=27  heading=1  kleinanzeige=7  listing-inline=4  noise=2
p124: 19 blocks  body=9  caption=1  footer=2  header=3  heading=3  noise=1
p139: 49 blocks  body=33  footer=1  heading=4  kleinanzeige=1  listing-inline=1  noise=9
p125: 28 blocks  body=15  caption=2  footer=2  header=2  heading=4  noise=3
p133: 46 blocks  body=19  caption=6  footer=2  header=2  heading=1  kleinanzeige=1  listing-inline=2  listing-standalone=2  noise=11
p104: 79 blocks  body=47  footer=2  header=1  heading=5  kleinanzeige=23  noise=1
p140: 24 blocks  body=15  footer=3  heading=4  noise=2
p134: 33 blocks  body=27  heading=3  kleinanzeige=1  listing-inline=1  noise=1
p111: 76 blocks  body=40  footer=2  header=2  heading=4  kleinanzeige=22  listing-inline=1  noise=5
p126: 10 blocks  body=6  footer=1  header=3
p145: 29 blocks  body=18  caption=1  footer=2  header=5  heading=2  noise=1
p117: 47 blocks  body=29  heading=1  kleinanzeige=4  listing-inline=4  listing-standalone=3  noise=6
p135: 49 blocks  body=39  caption=2  footer=1  header=4  heading=2  noise=1
p141: 45 blocks  body=29  footer=1  heading=2  kleinanzeige=1  listing-inline=1  noise=11
p112: 58 blocks  body=37  footer=2  header=2  heading=4  kleinanzeige=12  listing-inline=1
p127: 16 blocks  body=8  footer=2  header=5  noise=1
p146: 14 blocks  body=6  caption=1  footer=2  header=2  listing-inline=1  noise=2
p153: 33 blocks  body=21  heading=2  kleinanzeige=2  noise=8
p118: 65 blocks  body=31  footer=2  header=1  heading=5  kleinanzeige=23  listing-inline=1  noise=2
p142: 26 blocks  body=13  caption=1  footer=3  header=5  heading=3  noise=1
p136: 53 blocks  body=41  caption=3  footer=3  header=4  noise=2
p128: 31 blocks  body=20  footer=2  header=3  heading=1  noise=5
p147: 40 blocks  body=23  footer=1  heading=6  noise=10
p161: 16 blocks  body=7  caption=1  footer=1  header=5  heading=1  noise=1
p143: 29 blocks  body=12  caption=3  footer=2  header=3  heading=1  listing-inline=1  listing-standalone=1  noise=6
p154: 33 blocks  body=19  header=2  heading=1  noise=11
p169: 12 blocks  body=8  footer=1  header=2  heading=1
p148: 20 blocks  body=9  footer=1  header=4  heading=3  noise=3
p119: 58 blocks  body=28  footer=1  header=1  heading=6  kleinanzeige=16  listing-inline=2  noise=4
p144: 11 blocks  body=4  kleinanzeige=1  listing-standalone=2  noise=4
p170: 3 blocks  listing-inline=1  noise=2
p162: 23 blocks  body=19  footer=1  header=2  heading=1
p155: 26 blocks  body=13  footer=1  header=2  heading=9  noise=1
p149: 13 blocks  body=8  footer=2  header=2  heading=1
p120: 43 blocks  body=25  footer=2  header=1  heading=4  kleinanzeige=7  noise=4
p163: 7 blocks  body=5  noise=2
p150: 32 blocks  body=20  caption=2  footer=3  header=4  heading=1  listing-inline=2
p156: 23 blocks  body=8  footer=1  header=3  heading=10  noise=1
p171: 80 blocks  body=63  footer=1  header=1  heading=7  kleinanzeige=6  listing-inline=2
p151: 27 blocks  body=8  footer=2  header=2  heading=6  noise=9
p164: 16 blocks  body=11  footer=2  header=2  heading=1
p172: 27 blocks  body=18  footer=2  heading=6  noise=1
p157: 43 blocks  body=16  heading=5  kleinanzeige=1  listing-inline=4  noise=17
p152: 23 blocks  body=15  footer=2  header=2  heading=3  kleinanzeige=1
p165: 37 blocks  body=8  header=1  heading=6  kleinanzeige=2  listing-inline=1  noise=19
p173: 80 blocks  body=21  footer=1  header=1  heading=36  listing-inline=2  listing-standalone=1  noise=18
p158: 15 blocks  body=11  footer=1  header=3
p166: 46 blocks  body=34  header=1  heading=3  kleinanzeige=2  listing-standalone=2  noise=4
p174: 59 blocks  body=14  header=5  heading=23  listing-inline=4  noise=13
p167: 24 blocks  body=5  footer=2  header=2  heading=14  noise=1
p175: 17 blocks  body=12  heading=4  noise=1
p168: 23 blocks  body=9  caption=2  footer=2  header=2  heading=3  noise=5
p176: 25 blocks  body=10  header=2  heading=11  kleinanzeige=1  noise=1
p159: 77 blocks  body=16  caption=2  footer=2  header=2  listing-standalone=43  noise=12
p160: 16 blocks  body=7  caption=1  footer=2  header=2  heading=1  noise=3
